// Jest Snapshot v1, https://goo.gl/fbAQLP

exports[`<Pagination /> renders pagination for 18 items 1`] = `
<Pagination
  page={1}
>
  <Query
    query={
      Object {
        "definitions": Array [
          Object {
            "directives": Array [],
            "kind": "OperationDefinition",
            "name": Object {
              "kind": "Name",
              "value": "PAGINATION_QUERY",
            },
            "operation": "query",
            "selectionSet": Object {
              "kind": "SelectionSet",
              "selections": Array [
                Object {
                  "alias": undefined,
                  "arguments": Array [],
                  "directives": Array [],
                  "kind": "Field",
                  "name": Object {
                    "kind": "Name",
                    "value": "itemsConnection",
                  },
                  "selectionSet": Object {
                    "kind": "SelectionSet",
                    "selections": Array [
                      Object {
                        "alias": undefined,
                        "arguments": Array [],
                        "directives": Array [],
                        "kind": "Field",
                        "name": Object {
                          "kind": "Name",
                          "value": "aggregate",
                        },
                        "selectionSet": Object {
                          "kind": "SelectionSet",
                          "selections": Array [
                            Object {
                              "alias": undefined,
                              "arguments": Array [],
                              "directives": Array [],
                              "kind": "Field",
                              "name": Object {
                                "kind": "Name",
                                "value": "count",
                              },
                              "selectionSet": undefined,
                            },
                          ],
                        },
                      },
                    ],
                  },
                },
              ],
            },
            "variableDefinitions": Array [],
          },
        ],
        "kind": "Document",
        "loc": Object {
          "end": 100,
          "start": 0,
        },
      }
    }
  >
    <PaginationStyles>
      <div
        className="PaginationStyles-aduuar-0 ewJsCc"
      >
        <SideEffect(Head)>
          <Head />
        </SideEffect(Head)>
        <Link
          href={
            Object {
              "pathname": "items",
              "query": Object {
                "page": 0,
              },
            }
          }
          prefetch={true}
        >
          <a
            aria-disabled={true}
            className="prev"
            href="items?page=0"
            onClick={[Function]}
          >
            Prev
          </a>
        </Link>
        <p>
          Page 
          1
           of 
          <span
            className="totalPages"
          >
            5
          </span>
        </p>
        <p>
          18
           Items Total
        </p>
        <Link
          href={
            Object {
              "pathname": "items",
              "query": Object {
                "page": 2,
              },
            }
          }
          prefetch={true}
        >
          <a
            aria-disabled={false}
            className="next"
            href="items?page=2"
            onClick={[Function]}
          >
            Next
          </a>
        </Link>
      </div>
    </PaginationStyles>
  </Query>
</Pagination>
`;
