// Jest Snapshot v1, https://goo.gl/fbAQLP

exports[`<RequestReset /> renders and matches the snapshot 1`] = `
<Form
  method="post"
  onSubmit={[Function]}
>
  <form
    className="Form-sc-1xszr8q-0 krRxky"
    method="post"
    onSubmit={[Function]}
  >
    <fieldset
      aria-busy={false}
      disabled={false}
    >
      <h2>
        Reset your password
      </h2>
      <DisplayError
        error={Object {}}
      />
      <label
        htmlFor="email"
      >
        Email
        <input
          name="email"
          onChange={[Function]}
          placeholder="email"
          type="email"
          value=""
        />
      </label>
      <button
        type="submit"
      >
        Request Reset
      </button>
    </fieldset>
  </form>
</Form>
`;
